 
foo
 
Universal EOS
Vinet P et al., J. Phys.: Condens. Matter 1, p1941 (1989)
 
(Default units are atomic: Hartree, Bohr etc.) 
 
 V0                =            285.6821190    
 E0                =           -24.26320978    
 B0                =           0.6496035784E-02
 B0'               =            3.851617781    
 
 B0 (GPa)          =            191.1199391    
 
